Vivado Simulator v2021.2
Copyright 1986-1999, 2001-2021 Xilinx, Inc. All Rights Reserved.
Running: /tools/Xilinx/Vivado/2021.2/bin/unwrapped/lnx64.o/xelab --incr --debug typical --relax --mt 8 -L xil_defaultlib -L unisims_ver -L unimacro_ver -L secureip --snapshot tb_control_behav xil_defaultlib.tb_control xil_defaultlib.glbl -log elaborate.log 
Using 8 slave threads.
Starting static elaboration
Pass Through NonSizing Optimizer
WARNING: [VRFC 10-3149] bit-select or part-select is not allowed in a force statement for non-net 'mem' [/home/vaibhav/Documents/MTech_Labs/ADD/alu6/alu6.srcs/sim_1/new/tb_control.v:100]
WARNING: [VRFC 10-3149] bit-select or part-select is not allowed in a force statement for non-net 'mem' [/home/vaibhav/Documents/MTech_Labs/ADD/alu6/alu6.srcs/sim_1/new/tb_control.v:101]
WARNING: [VRFC 10-3149] bit-select or part-select is not allowed in a release statement for non-net 'mem' [/home/vaibhav/Documents/MTech_Labs/ADD/alu6/alu6.srcs/sim_1/new/tb_control.v:106]
WARNING: [VRFC 10-3149] bit-select or part-select is not allowed in a release statement for non-net 'mem' [/home/vaibhav/Documents/MTech_Labs/ADD/alu6/alu6.srcs/sim_1/new/tb_control.v:107]
Completed static elaboration
Starting simulation data flow analysis
WARNING: [XSIM 43-4328] File: /home/vaibhav/Documents/MTech_Labs/ADD/alu6/alu6.srcs/sim_1/new/tb_control.v Line: 100 : Sensitivity on input argument "n" of task "run_test" may never get triggered.
Completed simulation data flow analysis
Time Resolution for simulation is 1ps
Compiling module xil_defaultlib.instr_memory
Compiling module xil_defaultlib.register_file
Compiling module xil_defaultlib.alu
Compiling module xil_defaultlib.memory
Compiling module xil_defaultlib.control
Compiling module xil_defaultlib.tb_control
Compiling module xil_defaultlib.glbl
Built simulation snapshot tb_control_behav
