Vivado Simulator v2021.2
Copyright 1986-1999, 2001-2021 Xilinx, Inc. All Rights Reserved.
Running: /tools/Xilinx/Vivado/2021.2/bin/unwrapped/lnx64.o/xelab --incr --debug typical --relax --mt 8 -L xil_defaultlib -L unisims_ver -L unimacro_ver -L secureip --snapshot tb_top_behav xil_defaultlib.tb_top xil_defaultlib.glbl -log elaborate.log 
Using 8 slave threads.
Starting static elaboration
Pass Through NonSizing Optimizer
WARNING: [VRFC 10-3149] bit-select or part-select is not allowed in a force statement for non-net 'registers' [/home/vaibhav/Documents/MTech_Labs/ADD/alu_8bit_1/alu_8bit_1.srcs/sim_1/new/tb_top.v:75]
WARNING: [VRFC 10-3149] bit-select or part-select is not allowed in a force statement for non-net 'registers' [/home/vaibhav/Documents/MTech_Labs/ADD/alu_8bit_1/alu_8bit_1.srcs/sim_1/new/tb_top.v:76]
WARNING: [VRFC 10-3149] bit-select or part-select is not allowed in a force statement for non-net 'registers' [/home/vaibhav/Documents/MTech_Labs/ADD/alu_8bit_1/alu_8bit_1.srcs/sim_1/new/tb_top.v:77]
WARNING: [VRFC 10-3149] bit-select or part-select is not allowed in a force statement for non-net 'registers' [/home/vaibhav/Documents/MTech_Labs/ADD/alu_8bit_1/alu_8bit_1.srcs/sim_1/new/tb_top.v:78]
WARNING: [VRFC 10-3149] bit-select or part-select is not allowed in a release statement for non-net 'registers' [/home/vaibhav/Documents/MTech_Labs/ADD/alu_8bit_1/alu_8bit_1.srcs/sim_1/new/tb_top.v:82]
WARNING: [VRFC 10-3149] bit-select or part-select is not allowed in a release statement for non-net 'registers' [/home/vaibhav/Documents/MTech_Labs/ADD/alu_8bit_1/alu_8bit_1.srcs/sim_1/new/tb_top.v:83]
WARNING: [VRFC 10-3149] bit-select or part-select is not allowed in a release statement for non-net 'registers' [/home/vaibhav/Documents/MTech_Labs/ADD/alu_8bit_1/alu_8bit_1.srcs/sim_1/new/tb_top.v:84]
WARNING: [VRFC 10-3149] bit-select or part-select is not allowed in a release statement for non-net 'registers' [/home/vaibhav/Documents/MTech_Labs/ADD/alu_8bit_1/alu_8bit_1.srcs/sim_1/new/tb_top.v:85]
Completed static elaboration
Starting simulation data flow analysis
Completed simulation data flow analysis
Time Resolution for simulation is 1ps
Compiling module xil_defaultlib.register_file
Compiling module xil_defaultlib.alu
Compiling module xil_defaultlib.memory
Compiling module xil_defaultlib.top
Compiling module xil_defaultlib.tb_top
Compiling module xil_defaultlib.glbl
Built simulation snapshot tb_top_behav
